
  EPA STORM WATER MANAGEMENT MODEL - VERSION 5.2 (Build 5.2.4)
  PYSWMM TOOLKIT API - VERSION v1.0 (2025-12-04)
  ------------------------------------------------------------

  Urban Flood Nowcasting Prototype 
  WARNING 09: time series interval greater than recording interval for Rain Gage RAIN
  
  *************
  Element Count
  *************
  Number of rain gages ...... 1
  Number of subcatchments ... 1
  Number of nodes ........... 4
  Number of links ........... 3
  Number of pollutants ...... 0
  Number of land uses ....... 0
  
  
  ****************
  Raingage Summary
  ****************
                                                      Data       Recording
  Name                 Data Source                    Type       Interval 
  ------------------------------------------------------------------------
  RAIN                 STORM                          INTENSITY    5 min.
  
  
  ********************
  Subcatchment Summary
  ********************
  Name                       Area     Width   %Imperv    %Slope Rain Gage            Outlet              
  -----------------------------------------------------------------------------------------------------------
  S1                        10.00    500.00     80.00    1.0000 RAIN                 J1                  
  
  
  ************
  Node Summary
  ************
                                           Invert      Max.    Ponded    External
  Name                 Type                 Elev.     Depth      Area    Inflow  
  -------------------------------------------------------------------------------
  J1                   JUNCTION             10.00      2.00       0.0
  J2                   JUNCTION              9.50      2.00       0.0
  J3                   JUNCTION              9.00      2.00       0.0
  OUT1                 OUTFALL               8.50      1.00       0.0
  
  
  ************
  Link Summary
  ************
  Name             From Node        To Node          Type            Length    %Slope Roughness
  ---------------------------------------------------------------------------------------------
  C1               J1               J2               CONDUIT          500.0    0.1000    0.0130
  C2               J2               J3               CONDUIT          500.0    0.1000    0.0130
  C3               J3               OUT1             CONDUIT          500.0    0.1000    0.0130
  
  
  *********************
  Cross Section Summary
  *********************
                                        Full     Full     Hyd.     Max.   No. of     Full
  Conduit          Shape               Depth     Area     Rad.    Width  Barrels     Flow
  ---------------------------------------------------------------------------------------
  C1               CIRCULAR             1.00     0.79     0.25     1.00        1     0.76
  C2               CIRCULAR             1.00     0.79     0.25     1.00        1     0.76
  C3               CIRCULAR             1.00     0.79     0.25     1.00        1     0.76
  
  
  ****************
  Analysis Options
  ****************
  Flow Units ............... CMS
  Process Models:
    Rainfall/Runoff ........ YES
    RDII ................... NO
    Snowmelt ............... NO
    Groundwater ............ NO
    Flow Routing ........... YES
    Ponding Allowed ........ NO
    Water Quality .......... NO
  Infiltration Method ...... HORTON
  Flow Routing Method ...... KINWAVE
  Starting Date ............ 09/04/2026 00:00:00
  Ending Date .............. 09/04/2026 03:00:00
  Antecedent Dry Days ...... 0.0
  Report Time Step ......... 00:05:00
  Wet Time Step ............ 00:01:00
  Dry Time Step ............ 01:00:00
  Routing Time Step ........ 60.00 sec
  
  
  **************************        Volume         Depth
  Runoff Quantity Continuity     hectare-m            mm
  **************************     ---------       -------
  Total Precipitation ......         0.192        19.167
  Evaporation Loss .........         0.000         0.000
  Infiltration Loss ........         0.038         3.833
  Surface Runoff ...........         0.132        13.156
  Final Storage ............         0.022         2.211
  Continuity Error (%) .....        -0.173
  
  
  **************************        Volume        Volume
  Flow Routing Continuity        hectare-m      10^6 ltr
  **************************     ---------     ---------
  Dry Weather Inflow .......         0.000         0.000
  Wet Weather Inflow .......         0.131         1.311
  Groundwater Inflow .......         0.000         0.000
  RDII Inflow ..............         0.000         0.000
  External Inflow ..........         0.000         0.000
  External Outflow .........         0.110         1.102
  Flooding Loss ............         0.000         0.000
  Evaporation Loss .........         0.000         0.000
  Exfiltration Loss ........         0.000         0.000
  Initial Stored Volume ....         0.000         0.000
  Final Stored Volume ......         0.023         0.234
  Continuity Error (%) .....        -1.881
  
  
  ********************************
  Highest Flow Instability Indexes
  ********************************
  Link C2 (12)
  Link C3 (11)
  Link C1 (6)
  
  
  *************************
  Routing Time Step Summary
  *************************
  Minimum Time Step           :    60.00 sec
  Average Time Step           :    60.00 sec
  Maximum Time Step           :    60.00 sec
  % of Time in Steady State   :     0.00
  Average Iterations per Step :     2.79
  % of Steps Not Converging   :     0.00
  
  
  ***************************
  Subcatchment Runoff Summary
  ***************************
  
  ------------------------------------------------------------------------------------------------------------------------------
                            Total      Total      Total      Total     Imperv       Perv      Total       Total     Peak  Runoff
                           Precip      Runon       Evap      Infil     Runoff     Runoff     Runoff      Runoff   Runoff   Coeff
  Subcatchment                 mm         mm         mm         mm         mm         mm         mm    10^6 ltr      CMS
  ------------------------------------------------------------------------------------------------------------------------------
  S1                        19.17       0.00       0.00       3.83      13.16       0.00      13.16        1.32     0.75   0.686
  
  
  ******************
  Node Depth Summary
  ******************
  
  ---------------------------------------------------------------------------------
                                 Average  Maximum  Maximum  Time of Max    Reported
                                   Depth    Depth      HGL   Occurrence   Max Depth
  Node                 Type       Meters   Meters   Meters  days hr:min      Meters
  ---------------------------------------------------------------------------------
  J1                   JUNCTION     0.22     0.81    10.81     0  01:36        0.67
  J2                   JUNCTION     0.21     0.57    10.07     0  01:42        0.56
  J3                   JUNCTION     0.20     0.51     9.51     0  01:49        0.51
  OUT1                 OUTFALL      0.18     0.48     8.98     0  01:56        0.47
  
  
  *******************
  Node Inflow Summary
  *******************
  
  -------------------------------------------------------------------------------------------------
                                  Maximum  Maximum                  Lateral       Total        Flow
                                  Lateral    Total  Time of Max      Inflow      Inflow     Balance
                                   Inflow   Inflow   Occurrence      Volume      Volume       Error
  Node                 Type           CMS      CMS  days hr:min    10^6 ltr    10^6 ltr     Percent
  -------------------------------------------------------------------------------------------------
  J1                   JUNCTION     0.746    0.746     0  01:36        1.31        1.31       0.000
  J2                   JUNCTION     0.000    0.474     0  01:42           0        1.27       0.000
  J3                   JUNCTION     0.000    0.392     0  01:49           0         1.2       0.000
  OUT1                 OUTFALL      0.000    0.348     0  01:56           0         1.1       0.000
  
  
  *********************
  Node Flooding Summary
  *********************
  
  No nodes were flooded.
  
  
  ***********************
  Outfall Loading Summary
  ***********************
  
  -----------------------------------------------------------
                         Flow       Avg       Max       Total
                         Freq      Flow      Flow      Volume
  Outfall Node           Pcnt       CMS       CMS    10^6 ltr
  -----------------------------------------------------------
  OUT1                  63.89     0.160     0.348       1.102
  -----------------------------------------------------------
  System                63.89     0.160     0.348       1.102
  
  
  ********************
  Link Flow Summary
  ********************
  
  -----------------------------------------------------------------------------
                                 Maximum  Time of Max   Maximum    Max/    Max/
                                  |Flow|   Occurrence   |Veloc|    Full    Full
  Link                 Type          CMS  days hr:min     m/sec    Flow   Depth
  -----------------------------------------------------------------------------
  C1                   CONDUIT     0.474     0  01:42      1.17    0.63    0.56
  C2                   CONDUIT     0.392     0  01:49      1.50    0.52    0.50
  C3                   CONDUIT     0.348     0  01:56      1.97    0.46    0.47
  
  
  *************************
  Conduit Surcharge Summary
  *************************
  
  No conduits were surcharged.
  

  Analysis begun on:  Fri Sep  4 21:57:43 2026
  Analysis ended on:  Fri Sep  4 21:57:43 2026
  Total elapsed time: < 1 sec